Warning: Design 'dti_riscv' has '1' unresolved references. For more detailed information, use the "link" command. (UID-341)
 
****************************************
check_design summary:
Version:     Q-2019.12-SP4
Date:        Tue Dec 24 16:49:01 2024
****************************************

                   Name                                            Total
--------------------------------------------------------------------------------
Inputs/Outputs                                                     25
    Multiply driven inputs (LINT-6)                                24
    Constant outputs (LINT-52)                                      1

Cells                                                               7
    Cells do not drive (LINT-1)                                     7

Nets                                                              328
    Unloaded nets (LINT-2)                                        164
    Undriven nets (LINT-3)                                        164

Tristate                                                          134
    A tristate bus has a non tri-state driver (LINT-34)           134
--------------------------------------------------------------------------------

Warning: In design 'dti_riscv', cell 'dti_boost_inst/C630' does not drive any nets. (LINT-1)
Warning: In design 'dti_riscv', cell 'dti_boost_inst/C620' does not drive any nets. (LINT-1)
Warning: In design 'dti_riscv', cell 'dti_boost_inst/C612' does not drive any nets. (LINT-1)
Warning: In design 'dti_riscv', cell 'dti_boost_inst/C604' does not drive any nets. (LINT-1)
Warning: In design 'dti_riscv', cell 'dti_boost_inst/C568' does not drive any nets. (LINT-1)
Warning: In design 'dti_riscv', cell 'imem/C13712' does not drive any nets. (LINT-1)
Warning: In design 'dti_riscv', cell 'imem/C13708' does not drive any nets. (LINT-1)
Warning: In design 'dti_riscv', net 'dti_boost_inst/rts_n' driven by pin ' (no pin) ' has no loads. (LINT-2)
Warning: In design 'dti_riscv', net 'dti_boost_inst/instruction_data[31]' driven by pin ' (no pin) ' has no loads. (LINT-2)
Warning: In design 'dti_riscv', net 'dti_boost_inst/instruction_data[30]' driven by pin ' (no pin) ' has no loads. (LINT-2)
Warning: In design 'dti_riscv', net 'dti_boost_inst/instruction_data[29]' driven by pin ' (no pin) ' has no loads. (LINT-2)
Warning: In design 'dti_riscv', net 'dti_boost_inst/instruction_data[28]' driven by pin ' (no pin) ' has no loads. (LINT-2)
Warning: In design 'dti_riscv', net 'dti_boost_inst/instruction_data[27]' driven by pin ' (no pin) ' has no loads. (LINT-2)
Warning: In design 'dti_riscv', net 'dti_boost_inst/instruction_data[26]' driven by pin ' (no pin) ' has no loads. (LINT-2)
Warning: In design 'dti_riscv', net 'dti_boost_inst/instruction_data[25]' driven by pin ' (no pin) ' has no loads. (LINT-2)
Warning: In design 'dti_riscv', net 'dti_boost_inst/instruction_data[24]' driven by pin ' (no pin) ' has no loads. (LINT-2)
Warning: In design 'dti_riscv', net 'dti_boost_inst/instruction_data[23]' driven by pin ' (no pin) ' has no loads. (LINT-2)
Warning: In design 'dti_riscv', net 'dti_boost_inst/instruction_data[22]' driven by pin ' (no pin) ' has no loads. (LINT-2)
Warning: In design 'dti_riscv', net 'dti_boost_inst/instruction_data[21]' driven by pin ' (no pin) ' has no loads. (LINT-2)
Warning: In design 'dti_riscv', net 'dti_boost_inst/instruction_data[20]' driven by pin ' (no pin) ' has no loads. (LINT-2)
Warning: In design 'dti_riscv', net 'dti_boost_inst/instruction_data[19]' driven by pin ' (no pin) ' has no loads. (LINT-2)
Warning: In design 'dti_riscv', net 'dti_boost_inst/instruction_data[18]' driven by pin ' (no pin) ' has no loads. (LINT-2)
Warning: In design 'dti_riscv', net 'dti_boost_inst/instruction_data[17]' driven by pin ' (no pin) ' has no loads. (LINT-2)
Warning: In design 'dti_riscv', net 'dti_boost_inst/instruction_data[16]' driven by pin ' (no pin) ' has no loads. (LINT-2)
Warning: In design 'dti_riscv', net 'dti_boost_inst/instruction_data[15]' driven by pin ' (no pin) ' has no loads. (LINT-2)
Warning: In design 'dti_riscv', net 'dti_boost_inst/instruction_data[14]' driven by pin ' (no pin) ' has no loads. (LINT-2)
Warning: In design 'dti_riscv', net 'dti_boost_inst/instruction_data[13]' driven by pin ' (no pin) ' has no loads. (LINT-2)
Warning: In design 'dti_riscv', net 'dti_boost_inst/instruction_data[12]' driven by pin ' (no pin) ' has no loads. (LINT-2)
Warning: In design 'dti_riscv', net 'dti_boost_inst/instruction_data[11]' driven by pin ' (no pin) ' has no loads. (LINT-2)
Warning: In design 'dti_riscv', net 'dti_boost_inst/instruction_data[10]' driven by pin ' (no pin) ' has no loads. (LINT-2)
Warning: In design 'dti_riscv', net 'dti_boost_inst/instruction_data[9]' driven by pin ' (no pin) ' has no loads. (LINT-2)
Warning: In design 'dti_riscv', net 'dti_boost_inst/instruction_data[8]' driven by pin ' (no pin) ' has no loads. (LINT-2)
Warning: In design 'dti_riscv', net 'dti_boost_inst/instruction_data[7]' driven by pin ' (no pin) ' has no loads. (LINT-2)
Warning: In design 'dti_riscv', net 'dti_boost_inst/instruction_data[6]' driven by pin ' (no pin) ' has no loads. (LINT-2)
Warning: In design 'dti_riscv', net 'dti_boost_inst/instruction_data[5]' driven by pin ' (no pin) ' has no loads. (LINT-2)
Warning: In design 'dti_riscv', net 'dti_boost_inst/instruction_data[4]' driven by pin ' (no pin) ' has no loads. (LINT-2)
Warning: In design 'dti_riscv', net 'dti_boost_inst/instruction_data[3]' driven by pin ' (no pin) ' has no loads. (LINT-2)
Warning: In design 'dti_riscv', net 'dti_boost_inst/instruction_data[2]' driven by pin ' (no pin) ' has no loads. (LINT-2)
Warning: In design 'dti_riscv', net 'dti_boost_inst/instruction_data[1]' driven by pin ' (no pin) ' has no loads. (LINT-2)
Warning: In design 'dti_riscv', net 'dti_boost_inst/instruction_data[0]' driven by pin ' (no pin) ' has no loads. (LINT-2)
Warning: In design 'dti_riscv', net 'dti_apb_adapter/mem_data[31]' driven by pin ' (no pin) ' has no loads. (LINT-2)
Warning: In design 'dti_riscv', net 'dti_apb_adapter/mem_data[30]' driven by pin ' (no pin) ' has no loads. (LINT-2)
Warning: In design 'dti_riscv', net 'dti_apb_adapter/mem_data[29]' driven by pin ' (no pin) ' has no loads. (LINT-2)
Warning: In design 'dti_riscv', net 'dti_apb_adapter/mem_data[28]' driven by pin ' (no pin) ' has no loads. (LINT-2)
Warning: In design 'dti_riscv', net 'dti_apb_adapter/mem_data[27]' driven by pin ' (no pin) ' has no loads. (LINT-2)
Warning: In design 'dti_riscv', net 'dti_apb_adapter/mem_data[26]' driven by pin ' (no pin) ' has no loads. (LINT-2)
Warning: In design 'dti_riscv', net 'dti_apb_adapter/mem_data[25]' driven by pin ' (no pin) ' has no loads. (LINT-2)
Warning: In design 'dti_riscv', net 'dti_apb_adapter/mem_data[24]' driven by pin ' (no pin) ' has no loads. (LINT-2)
Warning: In design 'dti_riscv', net 'dti_apb_adapter/mem_data[23]' driven by pin ' (no pin) ' has no loads. (LINT-2)
Warning: In design 'dti_riscv', net 'dti_apb_adapter/mem_data[22]' driven by pin ' (no pin) ' has no loads. (LINT-2)
Warning: In design 'dti_riscv', net 'dti_apb_adapter/mem_data[21]' driven by pin ' (no pin) ' has no loads. (LINT-2)
Warning: In design 'dti_riscv', net 'dti_apb_adapter/mem_data[20]' driven by pin ' (no pin) ' has no loads. (LINT-2)
Warning: In design 'dti_riscv', net 'dti_apb_adapter/mem_data[19]' driven by pin ' (no pin) ' has no loads. (LINT-2)
Warning: In design 'dti_riscv', net 'dti_apb_adapter/mem_data[18]' driven by pin ' (no pin) ' has no loads. (LINT-2)
Warning: In design 'dti_riscv', net 'dti_apb_adapter/mem_data[17]' driven by pin ' (no pin) ' has no loads. (LINT-2)
Warning: In design 'dti_riscv', net 'dti_apb_adapter/mem_data[16]' driven by pin ' (no pin) ' has no loads. (LINT-2)
Warning: In design 'dti_riscv', net 'dti_apb_adapter/mem_data[15]' driven by pin ' (no pin) ' has no loads. (LINT-2)
Warning: In design 'dti_riscv', net 'dti_apb_adapter/mem_data[14]' driven by pin ' (no pin) ' has no loads. (LINT-2)
Warning: In design 'dti_riscv', net 'dti_apb_adapter/mem_data[13]' driven by pin ' (no pin) ' has no loads. (LINT-2)
Warning: In design 'dti_riscv', net 'dti_apb_adapter/mem_data[12]' driven by pin ' (no pin) ' has no loads. (LINT-2)
Warning: In design 'dti_riscv', net 'dti_apb_adapter/mem_data[11]' driven by pin ' (no pin) ' has no loads. (LINT-2)
Warning: In design 'dti_riscv', net 'dti_apb_adapter/mem_data[10]' driven by pin ' (no pin) ' has no loads. (LINT-2)
Warning: In design 'dti_riscv', net 'dti_apb_adapter/mem_data[9]' driven by pin ' (no pin) ' has no loads. (LINT-2)
Warning: In design 'dti_riscv', net 'dti_apb_adapter/mem_data[8]' driven by pin ' (no pin) ' has no loads. (LINT-2)
Warning: In design 'dti_riscv', net 'dti_apb_adapter/mem_data[7]' driven by pin ' (no pin) ' has no loads. (LINT-2)
Warning: In design 'dti_riscv', net 'dti_apb_adapter/mem_data[6]' driven by pin ' (no pin) ' has no loads. (LINT-2)
Warning: In design 'dti_riscv', net 'dti_apb_adapter/mem_data[5]' driven by pin ' (no pin) ' has no loads. (LINT-2)
Warning: In design 'dti_riscv', net 'dti_apb_adapter/mem_data[4]' driven by pin ' (no pin) ' has no loads. (LINT-2)
Warning: In design 'dti_riscv', net 'dti_apb_adapter/mem_data[3]' driven by pin ' (no pin) ' has no loads. (LINT-2)
Warning: In design 'dti_riscv', net 'dti_apb_adapter/mem_data[2]' driven by pin ' (no pin) ' has no loads. (LINT-2)
Warning: In design 'dti_riscv', net 'dti_apb_adapter/mem_data[1]' driven by pin ' (no pin) ' has no loads. (LINT-2)
Warning: In design 'dti_riscv', net 'dti_apb_adapter/mem_data[0]' driven by pin ' (no pin) ' has no loads. (LINT-2)
Warning: In design 'dti_riscv', net 'dti_apb_adapter/apb_psel_cld' driven by pin ' (no pin) ' has no loads. (LINT-2)
Warning: In design 'dti_riscv', net 'dti_apb_adapter/apb_paddr_cld[31]' driven by pin ' (no pin) ' has no loads. (LINT-2)
Warning: In design 'dti_riscv', net 'dti_apb_adapter/apb_paddr_cld[30]' driven by pin ' (no pin) ' has no loads. (LINT-2)
Warning: In design 'dti_riscv', net 'dti_apb_adapter/apb_paddr_cld[29]' driven by pin ' (no pin) ' has no loads. (LINT-2)
Warning: In design 'dti_riscv', net 'dti_apb_adapter/apb_paddr_cld[28]' driven by pin ' (no pin) ' has no loads. (LINT-2)
Warning: In design 'dti_riscv', net 'dti_apb_adapter/apb_paddr_cld[27]' driven by pin ' (no pin) ' has no loads. (LINT-2)
Warning: In design 'dti_riscv', net 'dti_apb_adapter/apb_paddr_cld[26]' driven by pin ' (no pin) ' has no loads. (LINT-2)
Warning: In design 'dti_riscv', net 'dti_apb_adapter/apb_paddr_cld[25]' driven by pin ' (no pin) ' has no loads. (LINT-2)
Warning: In design 'dti_riscv', net 'dti_apb_adapter/apb_paddr_cld[24]' driven by pin ' (no pin) ' has no loads. (LINT-2)
Warning: In design 'dti_riscv', net 'dti_apb_adapter/apb_paddr_cld[23]' driven by pin ' (no pin) ' has no loads. (LINT-2)
Warning: In design 'dti_riscv', net 'dti_apb_adapter/apb_paddr_cld[22]' driven by pin ' (no pin) ' has no loads. (LINT-2)
Warning: In design 'dti_riscv', net 'dti_apb_adapter/apb_paddr_cld[21]' driven by pin ' (no pin) ' has no loads. (LINT-2)
Warning: In design 'dti_riscv', net 'dti_apb_adapter/apb_paddr_cld[20]' driven by pin ' (no pin) ' has no loads. (LINT-2)
Warning: In design 'dti_riscv', net 'dti_apb_adapter/apb_paddr_cld[19]' driven by pin ' (no pin) ' has no loads. (LINT-2)
Warning: In design 'dti_riscv', net 'dti_apb_adapter/apb_paddr_cld[18]' driven by pin ' (no pin) ' has no loads. (LINT-2)
Warning: In design 'dti_riscv', net 'dti_apb_adapter/apb_paddr_cld[17]' driven by pin ' (no pin) ' has no loads. (LINT-2)
Warning: In design 'dti_riscv', net 'dti_apb_adapter/apb_paddr_cld[16]' driven by pin ' (no pin) ' has no loads. (LINT-2)
Warning: In design 'dti_riscv', net 'dti_apb_adapter/apb_paddr_cld[15]' driven by pin ' (no pin) ' has no loads. (LINT-2)
Warning: In design 'dti_riscv', net 'dti_apb_adapter/apb_paddr_cld[14]' driven by pin ' (no pin) ' has no loads. (LINT-2)
Warning: In design 'dti_riscv', net 'dti_apb_adapter/apb_paddr_cld[13]' driven by pin ' (no pin) ' has no loads. (LINT-2)
Warning: In design 'dti_riscv', net 'dti_apb_adapter/apb_paddr_cld[12]' driven by pin ' (no pin) ' has no loads. (LINT-2)
Warning: In design 'dti_riscv', net 'dti_apb_adapter/apb_paddr_cld[11]' driven by pin ' (no pin) ' has no loads. (LINT-2)
Warning: In design 'dti_riscv', net 'dti_apb_adapter/apb_paddr_cld[10]' driven by pin ' (no pin) ' has no loads. (LINT-2)
Warning: In design 'dti_riscv', net 'dti_apb_adapter/apb_paddr_cld[9]' driven by pin ' (no pin) ' has no loads. (LINT-2)
Warning: In design 'dti_riscv', net 'dti_apb_adapter/apb_paddr_cld[8]' driven by pin ' (no pin) ' has no loads. (LINT-2)
Warning: In design 'dti_riscv', net 'dti_apb_adapter/apb_paddr_cld[7]' driven by pin ' (no pin) ' has no loads. (LINT-2)
Warning: In design 'dti_riscv', net 'dti_apb_adapter/apb_paddr_cld[6]' driven by pin ' (no pin) ' has no loads. (LINT-2)
Warning: In design 'dti_riscv', net 'dti_apb_adapter/apb_paddr_cld[5]' driven by pin ' (no pin) ' has no loads. (LINT-2)
Warning: In design 'dti_riscv', net 'dti_apb_adapter/apb_paddr_cld[4]' driven by pin ' (no pin) ' has no loads. (LINT-2)
Warning: In design 'dti_riscv', net 'dti_apb_adapter/apb_paddr_cld[3]' driven by pin ' (no pin) ' has no loads. (LINT-2)
Warning: In design 'dti_riscv', net 'dti_apb_adapter/apb_paddr_cld[2]' driven by pin ' (no pin) ' has no loads. (LINT-2)
Warning: In design 'dti_riscv', net 'dti_apb_adapter/apb_paddr_cld[1]' driven by pin ' (no pin) ' has no loads. (LINT-2)
Warning: In design 'dti_riscv', net 'dti_apb_adapter/apb_paddr_cld[0]' driven by pin ' (no pin) ' has no loads. (LINT-2)
Warning: In design 'dti_riscv', net 'dti_apb_adapter/apb_penable_cld' driven by pin ' (no pin) ' has no loads. (LINT-2)
Warning: In design 'dti_riscv', net 'dti_apb_adapter/apb_pwdata_cld[31]' driven by pin ' (no pin) ' has no loads. (LINT-2)
Warning: In design 'dti_riscv', net 'dti_apb_adapter/apb_pwdata_cld[30]' driven by pin ' (no pin) ' has no loads. (LINT-2)
Warning: In design 'dti_riscv', net 'dti_apb_adapter/apb_pwdata_cld[29]' driven by pin ' (no pin) ' has no loads. (LINT-2)
Warning: In design 'dti_riscv', net 'dti_apb_adapter/apb_pwdata_cld[28]' driven by pin ' (no pin) ' has no loads. (LINT-2)
Warning: In design 'dti_riscv', net 'dti_apb_adapter/apb_pwdata_cld[27]' driven by pin ' (no pin) ' has no loads. (LINT-2)
Warning: In design 'dti_riscv', net 'dti_apb_adapter/apb_pwdata_cld[26]' driven by pin ' (no pin) ' has no loads. (LINT-2)
Warning: In design 'dti_riscv', net 'dti_apb_adapter/apb_pwdata_cld[25]' driven by pin ' (no pin) ' has no loads. (LINT-2)
Warning: In design 'dti_riscv', net 'dti_apb_adapter/apb_pwdata_cld[24]' driven by pin ' (no pin) ' has no loads. (LINT-2)
Warning: In design 'dti_riscv', net 'dti_apb_adapter/apb_pwdata_cld[23]' driven by pin ' (no pin) ' has no loads. (LINT-2)
Warning: In design 'dti_riscv', net 'dti_apb_adapter/apb_pwdata_cld[22]' driven by pin ' (no pin) ' has no loads. (LINT-2)
Warning: In design 'dti_riscv', net 'dti_apb_adapter/apb_pwdata_cld[21]' driven by pin ' (no pin) ' has no loads. (LINT-2)
Warning: In design 'dti_riscv', net 'dti_apb_adapter/apb_pwdata_cld[20]' driven by pin ' (no pin) ' has no loads. (LINT-2)
Warning: In design 'dti_riscv', net 'dti_apb_adapter/apb_pwdata_cld[19]' driven by pin ' (no pin) ' has no loads. (LINT-2)
Warning: In design 'dti_riscv', net 'dti_apb_adapter/apb_pwdata_cld[18]' driven by pin ' (no pin) ' has no loads. (LINT-2)
Warning: In design 'dti_riscv', net 'dti_apb_adapter/apb_pwdata_cld[17]' driven by pin ' (no pin) ' has no loads. (LINT-2)
Warning: In design 'dti_riscv', net 'dti_apb_adapter/apb_pwdata_cld[16]' driven by pin ' (no pin) ' has no loads. (LINT-2)
Warning: In design 'dti_riscv', net 'dti_apb_adapter/apb_pwdata_cld[15]' driven by pin ' (no pin) ' has no loads. (LINT-2)
Warning: In design 'dti_riscv', net 'dti_apb_adapter/apb_pwdata_cld[14]' driven by pin ' (no pin) ' has no loads. (LINT-2)
Warning: In design 'dti_riscv', net 'dti_apb_adapter/apb_pwdata_cld[13]' driven by pin ' (no pin) ' has no loads. (LINT-2)
Warning: In design 'dti_riscv', net 'dti_apb_adapter/apb_pwdata_cld[12]' driven by pin ' (no pin) ' has no loads. (LINT-2)
Warning: In design 'dti_riscv', net 'dti_apb_adapter/apb_pwdata_cld[11]' driven by pin ' (no pin) ' has no loads. (LINT-2)
Warning: In design 'dti_riscv', net 'dti_apb_adapter/apb_pwdata_cld[10]' driven by pin ' (no pin) ' has no loads. (LINT-2)
Warning: In design 'dti_riscv', net 'dti_apb_adapter/apb_pwdata_cld[9]' driven by pin ' (no pin) ' has no loads. (LINT-2)
Warning: In design 'dti_riscv', net 'dti_apb_adapter/apb_pwdata_cld[8]' driven by pin ' (no pin) ' has no loads. (LINT-2)
Warning: In design 'dti_riscv', net 'dti_apb_adapter/apb_pwdata_cld[7]' driven by pin ' (no pin) ' has no loads. (LINT-2)
Warning: In design 'dti_riscv', net 'dti_apb_adapter/apb_pwdata_cld[6]' driven by pin ' (no pin) ' has no loads. (LINT-2)
Warning: In design 'dti_riscv', net 'dti_apb_adapter/apb_pwdata_cld[5]' driven by pin ' (no pin) ' has no loads. (LINT-2)
Warning: In design 'dti_riscv', net 'dti_apb_adapter/apb_pwdata_cld[4]' driven by pin ' (no pin) ' has no loads. (LINT-2)
Warning: In design 'dti_riscv', net 'dti_apb_adapter/apb_pwdata_cld[3]' driven by pin ' (no pin) ' has no loads. (LINT-2)
Warning: In design 'dti_riscv', net 'dti_apb_adapter/apb_pwdata_cld[2]' driven by pin ' (no pin) ' has no loads. (LINT-2)
Warning: In design 'dti_riscv', net 'dti_apb_adapter/apb_pwdata_cld[1]' driven by pin ' (no pin) ' has no loads. (LINT-2)
Warning: In design 'dti_riscv', net 'dti_apb_adapter/apb_pwdata_cld[0]' driven by pin ' (no pin) ' has no loads. (LINT-2)
Warning: In design 'dti_riscv', net 'dti_apb_adapter/apb_pwrite_cld' driven by pin ' (no pin) ' has no loads. (LINT-2)
Warning: In design 'dti_riscv', net 'dti_apb_adapter/mem_data_out_cld[31]' driven by pin ' (no pin) ' has no loads. (LINT-2)
Warning: In design 'dti_riscv', net 'dti_apb_adapter/mem_data_out_cld[30]' driven by pin ' (no pin) ' has no loads. (LINT-2)
Warning: In design 'dti_riscv', net 'dti_apb_adapter/mem_data_out_cld[29]' driven by pin ' (no pin) ' has no loads. (LINT-2)
Warning: In design 'dti_riscv', net 'dti_apb_adapter/mem_data_out_cld[28]' driven by pin ' (no pin) ' has no loads. (LINT-2)
Warning: In design 'dti_riscv', net 'dti_apb_adapter/mem_data_out_cld[27]' driven by pin ' (no pin) ' has no loads. (LINT-2)
Warning: In design 'dti_riscv', net 'dti_apb_adapter/mem_data_out_cld[26]' driven by pin ' (no pin) ' has no loads. (LINT-2)
Warning: In design 'dti_riscv', net 'dti_apb_adapter/mem_data_out_cld[25]' driven by pin ' (no pin) ' has no loads. (LINT-2)
Warning: In design 'dti_riscv', net 'dti_apb_adapter/mem_data_out_cld[24]' driven by pin ' (no pin) ' has no loads. (LINT-2)
Warning: In design 'dti_riscv', net 'dti_apb_adapter/mem_data_out_cld[23]' driven by pin ' (no pin) ' has no loads. (LINT-2)
Warning: In design 'dti_riscv', net 'dti_apb_adapter/mem_data_out_cld[22]' driven by pin ' (no pin) ' has no loads. (LINT-2)
Warning: In design 'dti_riscv', net 'dti_apb_adapter/mem_data_out_cld[21]' driven by pin ' (no pin) ' has no loads. (LINT-2)
Warning: In design 'dti_riscv', net 'dti_apb_adapter/mem_data_out_cld[20]' driven by pin ' (no pin) ' has no loads. (LINT-2)
Warning: In design 'dti_riscv', net 'dti_apb_adapter/mem_data_out_cld[19]' driven by pin ' (no pin) ' has no loads. (LINT-2)
Warning: In design 'dti_riscv', net 'dti_apb_adapter/mem_data_out_cld[18]' driven by pin ' (no pin) ' has no loads. (LINT-2)
Warning: In design 'dti_riscv', net 'dti_apb_adapter/mem_data_out_cld[17]' driven by pin ' (no pin) ' has no loads. (LINT-2)
Warning: In design 'dti_riscv', net 'dti_apb_adapter/mem_data_out_cld[16]' driven by pin ' (no pin) ' has no loads. (LINT-2)
Warning: In design 'dti_riscv', net 'dti_apb_adapter/mem_data_out_cld[15]' driven by pin ' (no pin) ' has no loads. (LINT-2)
Warning: In design 'dti_riscv', net 'dti_apb_adapter/mem_data_out_cld[14]' driven by pin ' (no pin) ' has no loads. (LINT-2)
Warning: In design 'dti_riscv', net 'dti_apb_adapter/mem_data_out_cld[13]' driven by pin ' (no pin) ' has no loads. (LINT-2)
Warning: In design 'dti_riscv', net 'dti_apb_adapter/mem_data_out_cld[12]' driven by pin ' (no pin) ' has no loads. (LINT-2)
Warning: In design 'dti_riscv', net 'dti_apb_adapter/mem_data_out_cld[11]' driven by pin ' (no pin) ' has no loads. (LINT-2)
Warning: In design 'dti_riscv', net 'dti_apb_adapter/mem_data_out_cld[10]' driven by pin ' (no pin) ' has no loads. (LINT-2)
Warning: In design 'dti_riscv', net 'dti_apb_adapter/mem_data_out_cld[9]' driven by pin ' (no pin) ' has no loads. (LINT-2)
Warning: In design 'dti_riscv', net 'dti_apb_adapter/mem_data_out_cld[8]' driven by pin ' (no pin) ' has no loads. (LINT-2)
Warning: In design 'dti_riscv', net 'dti_apb_adapter/mem_data_out_cld[7]' driven by pin ' (no pin) ' has no loads. (LINT-2)
Warning: In design 'dti_riscv', net 'dti_apb_adapter/mem_data_out_cld[6]' driven by pin ' (no pin) ' has no loads. (LINT-2)
Warning: In design 'dti_riscv', net 'dti_apb_adapter/mem_data_out_cld[5]' driven by pin ' (no pin) ' has no loads. (LINT-2)
Warning: In design 'dti_riscv', net 'dti_apb_adapter/mem_data_out_cld[4]' driven by pin ' (no pin) ' has no loads. (LINT-2)
Warning: In design 'dti_riscv', net 'dti_apb_adapter/mem_data_out_cld[3]' driven by pin ' (no pin) ' has no loads. (LINT-2)
Warning: In design 'dti_riscv', net 'dti_apb_adapter/mem_data_out_cld[2]' driven by pin ' (no pin) ' has no loads. (LINT-2)
Warning: In design 'dti_riscv', net 'dti_apb_adapter/mem_data_out_cld[1]' driven by pin ' (no pin) ' has no loads. (LINT-2)
Warning: In design 'dti_riscv', net 'dti_apb_adapter/mem_data_out_cld[0]' driven by pin ' (no pin) ' has no loads. (LINT-2)
Warning: In design 'dti_riscv', net 'dti_boost_inst/rts_n' has no drivers.  Logic 0 assumed. (LINT-3)
Warning: In design 'dti_riscv', net 'dti_boost_inst/instruction_data[31]' has no drivers.  Logic 0 assumed. (LINT-3)
Warning: In design 'dti_riscv', net 'dti_boost_inst/instruction_data[30]' has no drivers.  Logic 0 assumed. (LINT-3)
Warning: In design 'dti_riscv', net 'dti_boost_inst/instruction_data[29]' has no drivers.  Logic 0 assumed. (LINT-3)
Warning: In design 'dti_riscv', net 'dti_boost_inst/instruction_data[28]' has no drivers.  Logic 0 assumed. (LINT-3)
Warning: In design 'dti_riscv', net 'dti_boost_inst/instruction_data[27]' has no drivers.  Logic 0 assumed. (LINT-3)
Warning: In design 'dti_riscv', net 'dti_boost_inst/instruction_data[26]' has no drivers.  Logic 0 assumed. (LINT-3)
Warning: In design 'dti_riscv', net 'dti_boost_inst/instruction_data[25]' has no drivers.  Logic 0 assumed. (LINT-3)
Warning: In design 'dti_riscv', net 'dti_boost_inst/instruction_data[24]' has no drivers.  Logic 0 assumed. (LINT-3)
Warning: In design 'dti_riscv', net 'dti_boost_inst/instruction_data[23]' has no drivers.  Logic 0 assumed. (LINT-3)
Warning: In design 'dti_riscv', net 'dti_boost_inst/instruction_data[22]' has no drivers.  Logic 0 assumed. (LINT-3)
Warning: In design 'dti_riscv', net 'dti_boost_inst/instruction_data[21]' has no drivers.  Logic 0 assumed. (LINT-3)
Warning: In design 'dti_riscv', net 'dti_boost_inst/instruction_data[20]' has no drivers.  Logic 0 assumed. (LINT-3)
Warning: In design 'dti_riscv', net 'dti_boost_inst/instruction_data[19]' has no drivers.  Logic 0 assumed. (LINT-3)
Warning: In design 'dti_riscv', net 'dti_boost_inst/instruction_data[18]' has no drivers.  Logic 0 assumed. (LINT-3)
Warning: In design 'dti_riscv', net 'dti_boost_inst/instruction_data[17]' has no drivers.  Logic 0 assumed. (LINT-3)
Warning: In design 'dti_riscv', net 'dti_boost_inst/instruction_data[16]' has no drivers.  Logic 0 assumed. (LINT-3)
Warning: In design 'dti_riscv', net 'dti_boost_inst/instruction_data[15]' has no drivers.  Logic 0 assumed. (LINT-3)
Warning: In design 'dti_riscv', net 'dti_boost_inst/instruction_data[14]' has no drivers.  Logic 0 assumed. (LINT-3)
Warning: In design 'dti_riscv', net 'dti_boost_inst/instruction_data[13]' has no drivers.  Logic 0 assumed. (LINT-3)
Warning: In design 'dti_riscv', net 'dti_boost_inst/instruction_data[12]' has no drivers.  Logic 0 assumed. (LINT-3)
Warning: In design 'dti_riscv', net 'dti_boost_inst/instruction_data[11]' has no drivers.  Logic 0 assumed. (LINT-3)
Warning: In design 'dti_riscv', net 'dti_boost_inst/instruction_data[10]' has no drivers.  Logic 0 assumed. (LINT-3)
Warning: In design 'dti_riscv', net 'dti_boost_inst/instruction_data[9]' has no drivers.  Logic 0 assumed. (LINT-3)
Warning: In design 'dti_riscv', net 'dti_boost_inst/instruction_data[8]' has no drivers.  Logic 0 assumed. (LINT-3)
Warning: In design 'dti_riscv', net 'dti_boost_inst/instruction_data[7]' has no drivers.  Logic 0 assumed. (LINT-3)
Warning: In design 'dti_riscv', net 'dti_boost_inst/instruction_data[6]' has no drivers.  Logic 0 assumed. (LINT-3)
Warning: In design 'dti_riscv', net 'dti_boost_inst/instruction_data[5]' has no drivers.  Logic 0 assumed. (LINT-3)
Warning: In design 'dti_riscv', net 'dti_boost_inst/instruction_data[4]' has no drivers.  Logic 0 assumed. (LINT-3)
Warning: In design 'dti_riscv', net 'dti_boost_inst/instruction_data[3]' has no drivers.  Logic 0 assumed. (LINT-3)
Warning: In design 'dti_riscv', net 'dti_boost_inst/instruction_data[2]' has no drivers.  Logic 0 assumed. (LINT-3)
Warning: In design 'dti_riscv', net 'dti_boost_inst/instruction_data[1]' has no drivers.  Logic 0 assumed. (LINT-3)
Warning: In design 'dti_riscv', net 'dti_boost_inst/instruction_data[0]' has no drivers.  Logic 0 assumed. (LINT-3)
Warning: In design 'dti_riscv', net 'dti_apb_adapter/mem_data[31]' has no drivers.  Logic 0 assumed. (LINT-3)
Warning: In design 'dti_riscv', net 'dti_apb_adapter/mem_data[30]' has no drivers.  Logic 0 assumed. (LINT-3)
Warning: In design 'dti_riscv', net 'dti_apb_adapter/mem_data[29]' has no drivers.  Logic 0 assumed. (LINT-3)
Warning: In design 'dti_riscv', net 'dti_apb_adapter/mem_data[28]' has no drivers.  Logic 0 assumed. (LINT-3)
Warning: In design 'dti_riscv', net 'dti_apb_adapter/mem_data[27]' has no drivers.  Logic 0 assumed. (LINT-3)
Warning: In design 'dti_riscv', net 'dti_apb_adapter/mem_data[26]' has no drivers.  Logic 0 assumed. (LINT-3)
Warning: In design 'dti_riscv', net 'dti_apb_adapter/mem_data[25]' has no drivers.  Logic 0 assumed. (LINT-3)
Warning: In design 'dti_riscv', net 'dti_apb_adapter/mem_data[24]' has no drivers.  Logic 0 assumed. (LINT-3)
Warning: In design 'dti_riscv', net 'dti_apb_adapter/mem_data[23]' has no drivers.  Logic 0 assumed. (LINT-3)
Warning: In design 'dti_riscv', net 'dti_apb_adapter/mem_data[22]' has no drivers.  Logic 0 assumed. (LINT-3)
Warning: In design 'dti_riscv', net 'dti_apb_adapter/mem_data[21]' has no drivers.  Logic 0 assumed. (LINT-3)
Warning: In design 'dti_riscv', net 'dti_apb_adapter/mem_data[20]' has no drivers.  Logic 0 assumed. (LINT-3)
Warning: In design 'dti_riscv', net 'dti_apb_adapter/mem_data[19]' has no drivers.  Logic 0 assumed. (LINT-3)
Warning: In design 'dti_riscv', net 'dti_apb_adapter/mem_data[18]' has no drivers.  Logic 0 assumed. (LINT-3)
Warning: In design 'dti_riscv', net 'dti_apb_adapter/mem_data[17]' has no drivers.  Logic 0 assumed. (LINT-3)
Warning: In design 'dti_riscv', net 'dti_apb_adapter/mem_data[16]' has no drivers.  Logic 0 assumed. (LINT-3)
Warning: In design 'dti_riscv', net 'dti_apb_adapter/mem_data[15]' has no drivers.  Logic 0 assumed. (LINT-3)
Warning: In design 'dti_riscv', net 'dti_apb_adapter/mem_data[14]' has no drivers.  Logic 0 assumed. (LINT-3)
Warning: In design 'dti_riscv', net 'dti_apb_adapter/mem_data[13]' has no drivers.  Logic 0 assumed. (LINT-3)
Warning: In design 'dti_riscv', net 'dti_apb_adapter/mem_data[12]' has no drivers.  Logic 0 assumed. (LINT-3)
Warning: In design 'dti_riscv', net 'dti_apb_adapter/mem_data[11]' has no drivers.  Logic 0 assumed. (LINT-3)
Warning: In design 'dti_riscv', net 'dti_apb_adapter/mem_data[10]' has no drivers.  Logic 0 assumed. (LINT-3)
Warning: In design 'dti_riscv', net 'dti_apb_adapter/mem_data[9]' has no drivers.  Logic 0 assumed. (LINT-3)
Warning: In design 'dti_riscv', net 'dti_apb_adapter/mem_data[8]' has no drivers.  Logic 0 assumed. (LINT-3)
Warning: In design 'dti_riscv', net 'dti_apb_adapter/mem_data[7]' has no drivers.  Logic 0 assumed. (LINT-3)
Warning: In design 'dti_riscv', net 'dti_apb_adapter/mem_data[6]' has no drivers.  Logic 0 assumed. (LINT-3)
Warning: In design 'dti_riscv', net 'dti_apb_adapter/mem_data[5]' has no drivers.  Logic 0 assumed. (LINT-3)
Warning: In design 'dti_riscv', net 'dti_apb_adapter/mem_data[4]' has no drivers.  Logic 0 assumed. (LINT-3)
Warning: In design 'dti_riscv', net 'dti_apb_adapter/mem_data[3]' has no drivers.  Logic 0 assumed. (LINT-3)
Warning: In design 'dti_riscv', net 'dti_apb_adapter/mem_data[2]' has no drivers.  Logic 0 assumed. (LINT-3)
Warning: In design 'dti_riscv', net 'dti_apb_adapter/mem_data[1]' has no drivers.  Logic 0 assumed. (LINT-3)
Warning: In design 'dti_riscv', net 'dti_apb_adapter/mem_data[0]' has no drivers.  Logic 0 assumed. (LINT-3)
Warning: In design 'dti_riscv', net 'dti_apb_adapter/apb_psel_cld' has no drivers.  Logic 0 assumed. (LINT-3)
Warning: In design 'dti_riscv', net 'dti_apb_adapter/apb_paddr_cld[31]' has no drivers.  Logic 0 assumed. (LINT-3)
Warning: In design 'dti_riscv', net 'dti_apb_adapter/apb_paddr_cld[30]' has no drivers.  Logic 0 assumed. (LINT-3)
Warning: In design 'dti_riscv', net 'dti_apb_adapter/apb_paddr_cld[29]' has no drivers.  Logic 0 assumed. (LINT-3)
Warning: In design 'dti_riscv', net 'dti_apb_adapter/apb_paddr_cld[28]' has no drivers.  Logic 0 assumed. (LINT-3)
Warning: In design 'dti_riscv', net 'dti_apb_adapter/apb_paddr_cld[27]' has no drivers.  Logic 0 assumed. (LINT-3)
Warning: In design 'dti_riscv', net 'dti_apb_adapter/apb_paddr_cld[26]' has no drivers.  Logic 0 assumed. (LINT-3)
Warning: In design 'dti_riscv', net 'dti_apb_adapter/apb_paddr_cld[25]' has no drivers.  Logic 0 assumed. (LINT-3)
Warning: In design 'dti_riscv', net 'dti_apb_adapter/apb_paddr_cld[24]' has no drivers.  Logic 0 assumed. (LINT-3)
Warning: In design 'dti_riscv', net 'dti_apb_adapter/apb_paddr_cld[23]' has no drivers.  Logic 0 assumed. (LINT-3)
Warning: In design 'dti_riscv', net 'dti_apb_adapter/apb_paddr_cld[22]' has no drivers.  Logic 0 assumed. (LINT-3)
Warning: In design 'dti_riscv', net 'dti_apb_adapter/apb_paddr_cld[21]' has no drivers.  Logic 0 assumed. (LINT-3)
Warning: In design 'dti_riscv', net 'dti_apb_adapter/apb_paddr_cld[20]' has no drivers.  Logic 0 assumed. (LINT-3)
Warning: In design 'dti_riscv', net 'dti_apb_adapter/apb_paddr_cld[19]' has no drivers.  Logic 0 assumed. (LINT-3)
Warning: In design 'dti_riscv', net 'dti_apb_adapter/apb_paddr_cld[18]' has no drivers.  Logic 0 assumed. (LINT-3)
Warning: In design 'dti_riscv', net 'dti_apb_adapter/apb_paddr_cld[17]' has no drivers.  Logic 0 assumed. (LINT-3)
Warning: In design 'dti_riscv', net 'dti_apb_adapter/apb_paddr_cld[16]' has no drivers.  Logic 0 assumed. (LINT-3)
Warning: In design 'dti_riscv', net 'dti_apb_adapter/apb_paddr_cld[15]' has no drivers.  Logic 0 assumed. (LINT-3)
Warning: In design 'dti_riscv', net 'dti_apb_adapter/apb_paddr_cld[14]' has no drivers.  Logic 0 assumed. (LINT-3)
Warning: In design 'dti_riscv', net 'dti_apb_adapter/apb_paddr_cld[13]' has no drivers.  Logic 0 assumed. (LINT-3)
Warning: In design 'dti_riscv', net 'dti_apb_adapter/apb_paddr_cld[12]' has no drivers.  Logic 0 assumed. (LINT-3)
Warning: In design 'dti_riscv', net 'dti_apb_adapter/apb_paddr_cld[11]' has no drivers.  Logic 0 assumed. (LINT-3)
Warning: In design 'dti_riscv', net 'dti_apb_adapter/apb_paddr_cld[10]' has no drivers.  Logic 0 assumed. (LINT-3)
Warning: In design 'dti_riscv', net 'dti_apb_adapter/apb_paddr_cld[9]' has no drivers.  Logic 0 assumed. (LINT-3)
Warning: In design 'dti_riscv', net 'dti_apb_adapter/apb_paddr_cld[8]' has no drivers.  Logic 0 assumed. (LINT-3)
Warning: In design 'dti_riscv', net 'dti_apb_adapter/apb_paddr_cld[7]' has no drivers.  Logic 0 assumed. (LINT-3)
Warning: In design 'dti_riscv', net 'dti_apb_adapter/apb_paddr_cld[6]' has no drivers.  Logic 0 assumed. (LINT-3)
Warning: In design 'dti_riscv', net 'dti_apb_adapter/apb_paddr_cld[5]' has no drivers.  Logic 0 assumed. (LINT-3)
Warning: In design 'dti_riscv', net 'dti_apb_adapter/apb_paddr_cld[4]' has no drivers.  Logic 0 assumed. (LINT-3)
Warning: In design 'dti_riscv', net 'dti_apb_adapter/apb_paddr_cld[3]' has no drivers.  Logic 0 assumed. (LINT-3)
Warning: In design 'dti_riscv', net 'dti_apb_adapter/apb_paddr_cld[2]' has no drivers.  Logic 0 assumed. (LINT-3)
Warning: In design 'dti_riscv', net 'dti_apb_adapter/apb_paddr_cld[1]' has no drivers.  Logic 0 assumed. (LINT-3)
Warning: In design 'dti_riscv', net 'dti_apb_adapter/apb_paddr_cld[0]' has no drivers.  Logic 0 assumed. (LINT-3)
Warning: In design 'dti_riscv', net 'dti_apb_adapter/apb_penable_cld' has no drivers.  Logic 0 assumed. (LINT-3)
Warning: In design 'dti_riscv', net 'dti_apb_adapter/apb_pwdata_cld[31]' has no drivers.  Logic 0 assumed. (LINT-3)
Warning: In design 'dti_riscv', net 'dti_apb_adapter/apb_pwdata_cld[30]' has no drivers.  Logic 0 assumed. (LINT-3)
Warning: In design 'dti_riscv', net 'dti_apb_adapter/apb_pwdata_cld[29]' has no drivers.  Logic 0 assumed. (LINT-3)
Warning: In design 'dti_riscv', net 'dti_apb_adapter/apb_pwdata_cld[28]' has no drivers.  Logic 0 assumed. (LINT-3)
Warning: In design 'dti_riscv', net 'dti_apb_adapter/apb_pwdata_cld[27]' has no drivers.  Logic 0 assumed. (LINT-3)
Warning: In design 'dti_riscv', net 'dti_apb_adapter/apb_pwdata_cld[26]' has no drivers.  Logic 0 assumed. (LINT-3)
Warning: In design 'dti_riscv', net 'dti_apb_adapter/apb_pwdata_cld[25]' has no drivers.  Logic 0 assumed. (LINT-3)
Warning: In design 'dti_riscv', net 'dti_apb_adapter/apb_pwdata_cld[24]' has no drivers.  Logic 0 assumed. (LINT-3)
Warning: In design 'dti_riscv', net 'dti_apb_adapter/apb_pwdata_cld[23]' has no drivers.  Logic 0 assumed. (LINT-3)
Warning: In design 'dti_riscv', net 'dti_apb_adapter/apb_pwdata_cld[22]' has no drivers.  Logic 0 assumed. (LINT-3)
Warning: In design 'dti_riscv', net 'dti_apb_adapter/apb_pwdata_cld[21]' has no drivers.  Logic 0 assumed. (LINT-3)
Warning: In design 'dti_riscv', net 'dti_apb_adapter/apb_pwdata_cld[20]' has no drivers.  Logic 0 assumed. (LINT-3)
Warning: In design 'dti_riscv', net 'dti_apb_adapter/apb_pwdata_cld[19]' has no drivers.  Logic 0 assumed. (LINT-3)
Warning: In design 'dti_riscv', net 'dti_apb_adapter/apb_pwdata_cld[18]' has no drivers.  Logic 0 assumed. (LINT-3)
Warning: In design 'dti_riscv', net 'dti_apb_adapter/apb_pwdata_cld[17]' has no drivers.  Logic 0 assumed. (LINT-3)
Warning: In design 'dti_riscv', net 'dti_apb_adapter/apb_pwdata_cld[16]' has no drivers.  Logic 0 assumed. (LINT-3)
Warning: In design 'dti_riscv', net 'dti_apb_adapter/apb_pwdata_cld[15]' has no drivers.  Logic 0 assumed. (LINT-3)
Warning: In design 'dti_riscv', net 'dti_apb_adapter/apb_pwdata_cld[14]' has no drivers.  Logic 0 assumed. (LINT-3)
Warning: In design 'dti_riscv', net 'dti_apb_adapter/apb_pwdata_cld[13]' has no drivers.  Logic 0 assumed. (LINT-3)
Warning: In design 'dti_riscv', net 'dti_apb_adapter/apb_pwdata_cld[12]' has no drivers.  Logic 0 assumed. (LINT-3)
Warning: In design 'dti_riscv', net 'dti_apb_adapter/apb_pwdata_cld[11]' has no drivers.  Logic 0 assumed. (LINT-3)
Warning: In design 'dti_riscv', net 'dti_apb_adapter/apb_pwdata_cld[10]' has no drivers.  Logic 0 assumed. (LINT-3)
Warning: In design 'dti_riscv', net 'dti_apb_adapter/apb_pwdata_cld[9]' has no drivers.  Logic 0 assumed. (LINT-3)
Warning: In design 'dti_riscv', net 'dti_apb_adapter/apb_pwdata_cld[8]' has no drivers.  Logic 0 assumed. (LINT-3)
Warning: In design 'dti_riscv', net 'dti_apb_adapter/apb_pwdata_cld[7]' has no drivers.  Logic 0 assumed. (LINT-3)
Warning: In design 'dti_riscv', net 'dti_apb_adapter/apb_pwdata_cld[6]' has no drivers.  Logic 0 assumed. (LINT-3)
Warning: In design 'dti_riscv', net 'dti_apb_adapter/apb_pwdata_cld[5]' has no drivers.  Logic 0 assumed. (LINT-3)
Warning: In design 'dti_riscv', net 'dti_apb_adapter/apb_pwdata_cld[4]' has no drivers.  Logic 0 assumed. (LINT-3)
Warning: In design 'dti_riscv', net 'dti_apb_adapter/apb_pwdata_cld[3]' has no drivers.  Logic 0 assumed. (LINT-3)
Warning: In design 'dti_riscv', net 'dti_apb_adapter/apb_pwdata_cld[2]' has no drivers.  Logic 0 assumed. (LINT-3)
Warning: In design 'dti_riscv', net 'dti_apb_adapter/apb_pwdata_cld[1]' has no drivers.  Logic 0 assumed. (LINT-3)
Warning: In design 'dti_riscv', net 'dti_apb_adapter/apb_pwdata_cld[0]' has no drivers.  Logic 0 assumed. (LINT-3)
Warning: In design 'dti_riscv', net 'dti_apb_adapter/apb_pwrite_cld' has no drivers.  Logic 0 assumed. (LINT-3)
Warning: In design 'dti_riscv', net 'dti_apb_adapter/mem_data_out_cld[31]' has no drivers.  Logic 0 assumed. (LINT-3)
Warning: In design 'dti_riscv', net 'dti_apb_adapter/mem_data_out_cld[30]' has no drivers.  Logic 0 assumed. (LINT-3)
Warning: In design 'dti_riscv', net 'dti_apb_adapter/mem_data_out_cld[29]' has no drivers.  Logic 0 assumed. (LINT-3)
Warning: In design 'dti_riscv', net 'dti_apb_adapter/mem_data_out_cld[28]' has no drivers.  Logic 0 assumed. (LINT-3)
Warning: In design 'dti_riscv', net 'dti_apb_adapter/mem_data_out_cld[27]' has no drivers.  Logic 0 assumed. (LINT-3)
Warning: In design 'dti_riscv', net 'dti_apb_adapter/mem_data_out_cld[26]' has no drivers.  Logic 0 assumed. (LINT-3)
Warning: In design 'dti_riscv', net 'dti_apb_adapter/mem_data_out_cld[25]' has no drivers.  Logic 0 assumed. (LINT-3)
Warning: In design 'dti_riscv', net 'dti_apb_adapter/mem_data_out_cld[24]' has no drivers.  Logic 0 assumed. (LINT-3)
Warning: In design 'dti_riscv', net 'dti_apb_adapter/mem_data_out_cld[23]' has no drivers.  Logic 0 assumed. (LINT-3)
Warning: In design 'dti_riscv', net 'dti_apb_adapter/mem_data_out_cld[22]' has no drivers.  Logic 0 assumed. (LINT-3)
Warning: In design 'dti_riscv', net 'dti_apb_adapter/mem_data_out_cld[21]' has no drivers.  Logic 0 assumed. (LINT-3)
Warning: In design 'dti_riscv', net 'dti_apb_adapter/mem_data_out_cld[20]' has no drivers.  Logic 0 assumed. (LINT-3)
Warning: In design 'dti_riscv', net 'dti_apb_adapter/mem_data_out_cld[19]' has no drivers.  Logic 0 assumed. (LINT-3)
Warning: In design 'dti_riscv', net 'dti_apb_adapter/mem_data_out_cld[18]' has no drivers.  Logic 0 assumed. (LINT-3)
Warning: In design 'dti_riscv', net 'dti_apb_adapter/mem_data_out_cld[17]' has no drivers.  Logic 0 assumed. (LINT-3)
Warning: In design 'dti_riscv', net 'dti_apb_adapter/mem_data_out_cld[16]' has no drivers.  Logic 0 assumed. (LINT-3)
Warning: In design 'dti_riscv', net 'dti_apb_adapter/mem_data_out_cld[15]' has no drivers.  Logic 0 assumed. (LINT-3)
Warning: In design 'dti_riscv', net 'dti_apb_adapter/mem_data_out_cld[14]' has no drivers.  Logic 0 assumed. (LINT-3)
Warning: In design 'dti_riscv', net 'dti_apb_adapter/mem_data_out_cld[13]' has no drivers.  Logic 0 assumed. (LINT-3)
Warning: In design 'dti_riscv', net 'dti_apb_adapter/mem_data_out_cld[12]' has no drivers.  Logic 0 assumed. (LINT-3)
Warning: In design 'dti_riscv', net 'dti_apb_adapter/mem_data_out_cld[11]' has no drivers.  Logic 0 assumed. (LINT-3)
Warning: In design 'dti_riscv', net 'dti_apb_adapter/mem_data_out_cld[10]' has no drivers.  Logic 0 assumed. (LINT-3)
Warning: In design 'dti_riscv', net 'dti_apb_adapter/mem_data_out_cld[9]' has no drivers.  Logic 0 assumed. (LINT-3)
Warning: In design 'dti_riscv', net 'dti_apb_adapter/mem_data_out_cld[8]' has no drivers.  Logic 0 assumed. (LINT-3)
Warning: In design 'dti_riscv', net 'dti_apb_adapter/mem_data_out_cld[7]' has no drivers.  Logic 0 assumed. (LINT-3)
Warning: In design 'dti_riscv', net 'dti_apb_adapter/mem_data_out_cld[6]' has no drivers.  Logic 0 assumed. (LINT-3)
Warning: In design 'dti_riscv', net 'dti_apb_adapter/mem_data_out_cld[5]' has no drivers.  Logic 0 assumed. (LINT-3)
Warning: In design 'dti_riscv', net 'dti_apb_adapter/mem_data_out_cld[4]' has no drivers.  Logic 0 assumed. (LINT-3)
Warning: In design 'dti_riscv', net 'dti_apb_adapter/mem_data_out_cld[3]' has no drivers.  Logic 0 assumed. (LINT-3)
Warning: In design 'dti_riscv', net 'dti_apb_adapter/mem_data_out_cld[2]' has no drivers.  Logic 0 assumed. (LINT-3)
Warning: In design 'dti_riscv', net 'dti_apb_adapter/mem_data_out_cld[1]' has no drivers.  Logic 0 assumed. (LINT-3)
Warning: In design 'dti_riscv', net 'dti_apb_adapter/mem_data_out_cld[0]' has no drivers.  Logic 0 assumed. (LINT-3)
Warning: In design 'dti_riscv', input port 'apb_pclk' drives wired logic; the port direction may have been specified incorrectly. (LINT-6)
Warning: In design 'dti_riscv', input port 'apb_presetn' drives wired logic; the port direction may have been specified incorrectly. (LINT-6)
Warning: In design 'dti_riscv', input port 'boost_en' drives wired logic; the port direction may have been specified incorrectly. (LINT-6)
Warning: In design 'dti_riscv', input port 'clk' drives wired logic; the port direction may have been specified incorrectly. (LINT-6)
Warning: In design 'dti_riscv', input port 'clk_uart' drives wired logic; the port direction may have been specified incorrectly. (LINT-6)
Warning: In design 'dti_riscv', input port 'cts_n' drives wired logic; the port direction may have been specified incorrectly. (LINT-6)
Warning: In design 'dti_riscv', input port 'gpio_i[15]' drives wired logic; the port direction may have been specified incorrectly. (LINT-6)
Warning: In design 'dti_riscv', input port 'gpio_i[14]' drives wired logic; the port direction may have been specified incorrectly. (LINT-6)
Warning: In design 'dti_riscv', input port 'gpio_i[13]' drives wired logic; the port direction may have been specified incorrectly. (LINT-6)
Warning: In design 'dti_riscv', input port 'gpio_i[12]' drives wired logic; the port direction may have been specified incorrectly. (LINT-6)
Warning: In design 'dti_riscv', input port 'gpio_i[11]' drives wired logic; the port direction may have been specified incorrectly. (LINT-6)
Warning: In design 'dti_riscv', input port 'gpio_i[10]' drives wired logic; the port direction may have been specified incorrectly. (LINT-6)
Warning: In design 'dti_riscv', input port 'gpio_i[9]' drives wired logic; the port direction may have been specified incorrectly. (LINT-6)
Warning: In design 'dti_riscv', input port 'gpio_i[8]' drives wired logic; the port direction may have been specified incorrectly. (LINT-6)
Warning: In design 'dti_riscv', input port 'gpio_i[7]' drives wired logic; the port direction may have been specified incorrectly. (LINT-6)
Warning: In design 'dti_riscv', input port 'gpio_i[6]' drives wired logic; the port direction may have been specified incorrectly. (LINT-6)
Warning: In design 'dti_riscv', input port 'gpio_i[5]' drives wired logic; the port direction may have been specified incorrectly. (LINT-6)
Warning: In design 'dti_riscv', input port 'gpio_i[4]' drives wired logic; the port direction may have been specified incorrectly. (LINT-6)
Warning: In design 'dti_riscv', input port 'gpio_i[3]' drives wired logic; the port direction may have been specified incorrectly. (LINT-6)
Warning: In design 'dti_riscv', input port 'gpio_i[2]' drives wired logic; the port direction may have been specified incorrectly. (LINT-6)
Warning: In design 'dti_riscv', input port 'gpio_i[1]' drives wired logic; the port direction may have been specified incorrectly. (LINT-6)
Warning: In design 'dti_riscv', input port 'gpio_i[0]' drives wired logic; the port direction may have been specified incorrectly. (LINT-6)
Warning: In design 'dti_riscv', input port 'reset_n' drives wired logic; the port direction may have been specified incorrectly. (LINT-6)
Warning: In design 'dti_riscv', input port 'rx' drives wired logic; the port direction may have been specified incorrectly. (LINT-6)
Warning: In design 'dti_riscv', three-state bus 'imem_data_in[0]' has non three-state driver 'imem/imem_data_in_reg[0]/Q'. (LINT-34)
Warning: In design 'dti_riscv', three-state bus 'imem_data_in[1]' has non three-state driver 'imem/imem_data_in_reg[1]/Q'. (LINT-34)
Warning: In design 'dti_riscv', three-state bus 'imem_data_in[2]' has non three-state driver 'imem/imem_data_in_reg[2]/Q'. (LINT-34)
Warning: In design 'dti_riscv', three-state bus 'imem_data_in[3]' has non three-state driver 'imem/imem_data_in_reg[3]/Q'. (LINT-34)
Warning: In design 'dti_riscv', three-state bus 'imem_data_in[4]' has non three-state driver 'imem/imem_data_in_reg[4]/Q'. (LINT-34)
Warning: In design 'dti_riscv', three-state bus 'imem_data_in[5]' has non three-state driver 'imem/imem_data_in_reg[5]/Q'. (LINT-34)
Warning: In design 'dti_riscv', three-state bus 'imem_data_in[6]' has non three-state driver 'imem/imem_data_in_reg[6]/Q'. (LINT-34)
Warning: In design 'dti_riscv', three-state bus 'imem_data_in[7]' has non three-state driver 'imem/imem_data_in_reg[7]/Q'. (LINT-34)
Warning: In design 'dti_riscv', three-state bus 'imem_data_in[8]' has non three-state driver 'imem/imem_data_in_reg[8]/Q'. (LINT-34)
Warning: In design 'dti_riscv', three-state bus 'imem_data_in[9]' has non three-state driver 'imem/imem_data_in_reg[9]/Q'. (LINT-34)
Warning: In design 'dti_riscv', three-state bus 'imem_data_in[10]' has non three-state driver 'imem/imem_data_in_reg[10]/Q'. (LINT-34)
Warning: In design 'dti_riscv', three-state bus 'imem_data_in[11]' has non three-state driver 'imem/imem_data_in_reg[11]/Q'. (LINT-34)
Warning: In design 'dti_riscv', three-state bus 'imem_data_in[12]' has non three-state driver 'imem/imem_data_in_reg[12]/Q'. (LINT-34)
Warning: In design 'dti_riscv', three-state bus 'imem_data_in[13]' has non three-state driver 'imem/imem_data_in_reg[13]/Q'. (LINT-34)
Warning: In design 'dti_riscv', three-state bus 'imem_data_in[14]' has non three-state driver 'imem/imem_data_in_reg[14]/Q'. (LINT-34)
Warning: In design 'dti_riscv', three-state bus 'imem_data_in[15]' has non three-state driver 'imem/imem_data_in_reg[15]/Q'. (LINT-34)
Warning: In design 'dti_riscv', three-state bus 'imem_data_in[16]' has non three-state driver 'imem/imem_data_in_reg[16]/Q'. (LINT-34)
Warning: In design 'dti_riscv', three-state bus 'imem_data_in[17]' has non three-state driver 'imem/imem_data_in_reg[17]/Q'. (LINT-34)
Warning: In design 'dti_riscv', three-state bus 'imem_data_in[18]' has non three-state driver 'imem/imem_data_in_reg[18]/Q'. (LINT-34)
Warning: In design 'dti_riscv', three-state bus 'imem_data_in[19]' has non three-state driver 'imem/imem_data_in_reg[19]/Q'. (LINT-34)
Warning: In design 'dti_riscv', three-state bus 'imem_data_in[20]' has non three-state driver 'imem/imem_data_in_reg[20]/Q'. (LINT-34)
Warning: In design 'dti_riscv', three-state bus 'imem_data_in[21]' has non three-state driver 'imem/imem_data_in_reg[21]/Q'. (LINT-34)
Warning: In design 'dti_riscv', three-state bus 'imem_data_in[22]' has non three-state driver 'imem/imem_data_in_reg[22]/Q'. (LINT-34)
Warning: In design 'dti_riscv', three-state bus 'imem_data_in[23]' has non three-state driver 'imem/imem_data_in_reg[23]/Q'. (LINT-34)
Warning: In design 'dti_riscv', three-state bus 'imem_data_in[24]' has non three-state driver 'imem/imem_data_in_reg[24]/Q'. (LINT-34)
Warning: In design 'dti_riscv', three-state bus 'imem_data_in[25]' has non three-state driver 'imem/imem_data_in_reg[25]/Q'. (LINT-34)
Warning: In design 'dti_riscv', three-state bus 'imem_data_in[26]' has non three-state driver 'imem/imem_data_in_reg[26]/Q'. (LINT-34)
Warning: In design 'dti_riscv', three-state bus 'imem_data_in[27]' has non three-state driver 'imem/imem_data_in_reg[27]/Q'. (LINT-34)
Warning: In design 'dti_riscv', three-state bus 'imem_data_in[28]' has non three-state driver 'imem/imem_data_in_reg[28]/Q'. (LINT-34)
Warning: In design 'dti_riscv', three-state bus 'imem_data_in[29]' has non three-state driver 'imem/imem_data_in_reg[29]/Q'. (LINT-34)
Warning: In design 'dti_riscv', three-state bus 'imem_data_in[30]' has non three-state driver 'imem/imem_data_in_reg[30]/Q'. (LINT-34)
Warning: In design 'dti_riscv', three-state bus 'imem_data_in[31]' has non three-state driver 'imem/imem_data_in_reg[31]/Q'. (LINT-34)
Warning: In design 'dti_riscv', three-state bus 'imem_ack' has non three-state driver 'imem/imem_ack_reg/Q'. (LINT-34)
Warning: In design 'dti_riscv', three-state bus 'dmem_write_ack' has non three-state driver 'dti_apb_adapter/C1085/Z'. (LINT-34)
Warning: In design 'dti_riscv', three-state bus 'dmem_read_ack' has non three-state driver 'dti_apb_adapter/C1087/Z'. (LINT-34)
Warning: In design 'dti_riscv', three-state bus 'dmem_data_in[0]' has non three-state driver 'dti_apb_adapter/mem_data_out_cld_reg[0]/Q'. (LINT-34)
Warning: In design 'dti_riscv', three-state bus 'dmem_data_in[1]' has non three-state driver 'dti_apb_adapter/mem_data_out_cld_reg[1]/Q'. (LINT-34)
Warning: In design 'dti_riscv', three-state bus 'dmem_data_in[2]' has non three-state driver 'dti_apb_adapter/mem_data_out_cld_reg[2]/Q'. (LINT-34)
Warning: In design 'dti_riscv', three-state bus 'dmem_data_in[3]' has non three-state driver 'dti_apb_adapter/mem_data_out_cld_reg[3]/Q'. (LINT-34)
Warning: In design 'dti_riscv', three-state bus 'dmem_data_in[4]' has non three-state driver 'dti_apb_adapter/mem_data_out_cld_reg[4]/Q'. (LINT-34)
Warning: In design 'dti_riscv', three-state bus 'dmem_data_in[5]' has non three-state driver 'dti_apb_adapter/mem_data_out_cld_reg[5]/Q'. (LINT-34)
Warning: In design 'dti_riscv', three-state bus 'dmem_data_in[6]' has non three-state driver 'dti_apb_adapter/mem_data_out_cld_reg[6]/Q'. (LINT-34)
Warning: In design 'dti_riscv', three-state bus 'dmem_data_in[7]' has non three-state driver 'dti_apb_adapter/mem_data_out_cld_reg[7]/Q'. (LINT-34)
Warning: In design 'dti_riscv', three-state bus 'dmem_data_in[8]' has non three-state driver 'dti_apb_adapter/mem_data_out_cld_reg[8]/Q'. (LINT-34)
Warning: In design 'dti_riscv', three-state bus 'dmem_data_in[9]' has non three-state driver 'dti_apb_adapter/mem_data_out_cld_reg[9]/Q'. (LINT-34)
Warning: In design 'dti_riscv', three-state bus 'dmem_data_in[10]' has non three-state driver 'dti_apb_adapter/mem_data_out_cld_reg[10]/Q'. (LINT-34)
Warning: In design 'dti_riscv', three-state bus 'dmem_data_in[11]' has non three-state driver 'dti_apb_adapter/mem_data_out_cld_reg[11]/Q'. (LINT-34)
Warning: In design 'dti_riscv', three-state bus 'dmem_data_in[12]' has non three-state driver 'dti_apb_adapter/mem_data_out_cld_reg[12]/Q'. (LINT-34)
Warning: In design 'dti_riscv', three-state bus 'dmem_data_in[13]' has non three-state driver 'dti_apb_adapter/mem_data_out_cld_reg[13]/Q'. (LINT-34)
Warning: In design 'dti_riscv', three-state bus 'dmem_data_in[14]' has non three-state driver 'dti_apb_adapter/mem_data_out_cld_reg[14]/Q'. (LINT-34)
Warning: In design 'dti_riscv', three-state bus 'dmem_data_in[15]' has non three-state driver 'dti_apb_adapter/mem_data_out_cld_reg[15]/Q'. (LINT-34)
Warning: In design 'dti_riscv', three-state bus 'dmem_data_in[16]' has non three-state driver 'dti_apb_adapter/mem_data_out_cld_reg[16]/Q'. (LINT-34)
Warning: In design 'dti_riscv', three-state bus 'dmem_data_in[17]' has non three-state driver 'dti_apb_adapter/mem_data_out_cld_reg[17]/Q'. (LINT-34)
Warning: In design 'dti_riscv', three-state bus 'dmem_data_in[18]' has non three-state driver 'dti_apb_adapter/mem_data_out_cld_reg[18]/Q'. (LINT-34)
Warning: In design 'dti_riscv', three-state bus 'dmem_data_in[19]' has non three-state driver 'dti_apb_adapter/mem_data_out_cld_reg[19]/Q'. (LINT-34)
Warning: In design 'dti_riscv', three-state bus 'dmem_data_in[20]' has non three-state driver 'dti_apb_adapter/mem_data_out_cld_reg[20]/Q'. (LINT-34)
Warning: In design 'dti_riscv', three-state bus 'dmem_data_in[21]' has non three-state driver 'dti_apb_adapter/mem_data_out_cld_reg[21]/Q'. (LINT-34)
Warning: In design 'dti_riscv', three-state bus 'dmem_data_in[22]' has non three-state driver 'dti_apb_adapter/mem_data_out_cld_reg[22]/Q'. (LINT-34)
Warning: In design 'dti_riscv', three-state bus 'dmem_data_in[23]' has non three-state driver 'dti_apb_adapter/mem_data_out_cld_reg[23]/Q'. (LINT-34)
Warning: In design 'dti_riscv', three-state bus 'dmem_data_in[24]' has non three-state driver 'dti_apb_adapter/mem_data_out_cld_reg[24]/Q'. (LINT-34)
Warning: In design 'dti_riscv', three-state bus 'dmem_data_in[25]' has non three-state driver 'dti_apb_adapter/mem_data_out_cld_reg[25]/Q'. (LINT-34)
Warning: In design 'dti_riscv', three-state bus 'dmem_data_in[26]' has non three-state driver 'dti_apb_adapter/mem_data_out_cld_reg[26]/Q'. (LINT-34)
Warning: In design 'dti_riscv', three-state bus 'dmem_data_in[27]' has non three-state driver 'dti_apb_adapter/mem_data_out_cld_reg[27]/Q'. (LINT-34)
Warning: In design 'dti_riscv', three-state bus 'dmem_data_in[28]' has non three-state driver 'dti_apb_adapter/mem_data_out_cld_reg[28]/Q'. (LINT-34)
Warning: In design 'dti_riscv', three-state bus 'dmem_data_in[29]' has non three-state driver 'dti_apb_adapter/mem_data_out_cld_reg[29]/Q'. (LINT-34)
Warning: In design 'dti_riscv', three-state bus 'dmem_data_in[30]' has non three-state driver 'dti_apb_adapter/mem_data_out_cld_reg[30]/Q'. (LINT-34)
Warning: In design 'dti_riscv', three-state bus 'dmem_data_in[31]' has non three-state driver 'dti_apb_adapter/mem_data_out_cld_reg[31]/Q'. (LINT-34)
Warning: In design 'dti_riscv', three-state bus 'apb_pwrite' has non three-state driver 'dti_apb_adapter/apb_pwrite_cld_reg/Q'. (LINT-34)
Warning: In design 'dti_riscv', three-state bus 'apb_pwdata[0]' has non three-state driver 'dti_apb_adapter/apb_pwdata_cld_reg[0]/Q'. (LINT-34)
Warning: In design 'dti_riscv', three-state bus 'apb_pwdata[1]' has non three-state driver 'dti_apb_adapter/apb_pwdata_cld_reg[1]/Q'. (LINT-34)
Warning: In design 'dti_riscv', three-state bus 'apb_pwdata[2]' has non three-state driver 'dti_apb_adapter/apb_pwdata_cld_reg[2]/Q'. (LINT-34)
Warning: In design 'dti_riscv', three-state bus 'apb_pwdata[3]' has non three-state driver 'dti_apb_adapter/apb_pwdata_cld_reg[3]/Q'. (LINT-34)
Warning: In design 'dti_riscv', three-state bus 'apb_pwdata[4]' has non three-state driver 'dti_apb_adapter/apb_pwdata_cld_reg[4]/Q'. (LINT-34)
Warning: In design 'dti_riscv', three-state bus 'apb_pwdata[5]' has non three-state driver 'dti_apb_adapter/apb_pwdata_cld_reg[5]/Q'. (LINT-34)
Warning: In design 'dti_riscv', three-state bus 'apb_pwdata[6]' has non three-state driver 'dti_apb_adapter/apb_pwdata_cld_reg[6]/Q'. (LINT-34)
Warning: In design 'dti_riscv', three-state bus 'apb_pwdata[7]' has non three-state driver 'dti_apb_adapter/apb_pwdata_cld_reg[7]/Q'. (LINT-34)
Warning: In design 'dti_riscv', three-state bus 'apb_pwdata[8]' has non three-state driver 'dti_apb_adapter/apb_pwdata_cld_reg[8]/Q'. (LINT-34)
Warning: In design 'dti_riscv', three-state bus 'apb_pwdata[9]' has non three-state driver 'dti_apb_adapter/apb_pwdata_cld_reg[9]/Q'. (LINT-34)
Warning: In design 'dti_riscv', three-state bus 'apb_pwdata[10]' has non three-state driver 'dti_apb_adapter/apb_pwdata_cld_reg[10]/Q'. (LINT-34)
Warning: In design 'dti_riscv', three-state bus 'apb_pwdata[11]' has non three-state driver 'dti_apb_adapter/apb_pwdata_cld_reg[11]/Q'. (LINT-34)
Warning: In design 'dti_riscv', three-state bus 'apb_pwdata[12]' has non three-state driver 'dti_apb_adapter/apb_pwdata_cld_reg[12]/Q'. (LINT-34)
Warning: In design 'dti_riscv', three-state bus 'apb_pwdata[13]' has non three-state driver 'dti_apb_adapter/apb_pwdata_cld_reg[13]/Q'. (LINT-34)
Warning: In design 'dti_riscv', three-state bus 'apb_pwdata[14]' has non three-state driver 'dti_apb_adapter/apb_pwdata_cld_reg[14]/Q'. (LINT-34)
Warning: In design 'dti_riscv', three-state bus 'apb_pwdata[15]' has non three-state driver 'dti_apb_adapter/apb_pwdata_cld_reg[15]/Q'. (LINT-34)
Warning: In design 'dti_riscv', three-state bus 'apb_pwdata[16]' has non three-state driver 'dti_apb_adapter/apb_pwdata_cld_reg[16]/Q'. (LINT-34)
Warning: In design 'dti_riscv', three-state bus 'apb_pwdata[17]' has non three-state driver 'dti_apb_adapter/apb_pwdata_cld_reg[17]/Q'. (LINT-34)
Warning: In design 'dti_riscv', three-state bus 'apb_pwdata[18]' has non three-state driver 'dti_apb_adapter/apb_pwdata_cld_reg[18]/Q'. (LINT-34)
Warning: In design 'dti_riscv', three-state bus 'apb_pwdata[19]' has non three-state driver 'dti_apb_adapter/apb_pwdata_cld_reg[19]/Q'. (LINT-34)
Warning: In design 'dti_riscv', three-state bus 'apb_pwdata[20]' has non three-state driver 'dti_apb_adapter/apb_pwdata_cld_reg[20]/Q'. (LINT-34)
Warning: In design 'dti_riscv', three-state bus 'apb_pwdata[21]' has non three-state driver 'dti_apb_adapter/apb_pwdata_cld_reg[21]/Q'. (LINT-34)
Warning: In design 'dti_riscv', three-state bus 'apb_pwdata[22]' has non three-state driver 'dti_apb_adapter/apb_pwdata_cld_reg[22]/Q'. (LINT-34)
Warning: In design 'dti_riscv', three-state bus 'apb_pwdata[23]' has non three-state driver 'dti_apb_adapter/apb_pwdata_cld_reg[23]/Q'. (LINT-34)
Warning: In design 'dti_riscv', three-state bus 'apb_pwdata[24]' has non three-state driver 'dti_apb_adapter/apb_pwdata_cld_reg[24]/Q'. (LINT-34)
Warning: In design 'dti_riscv', three-state bus 'apb_pwdata[25]' has non three-state driver 'dti_apb_adapter/apb_pwdata_cld_reg[25]/Q'. (LINT-34)
Warning: In design 'dti_riscv', three-state bus 'apb_pwdata[26]' has non three-state driver 'dti_apb_adapter/apb_pwdata_cld_reg[26]/Q'. (LINT-34)
Warning: In design 'dti_riscv', three-state bus 'apb_pwdata[27]' has non three-state driver 'dti_apb_adapter/apb_pwdata_cld_reg[27]/Q'. (LINT-34)
Warning: In design 'dti_riscv', three-state bus 'apb_pwdata[28]' has non three-state driver 'dti_apb_adapter/apb_pwdata_cld_reg[28]/Q'. (LINT-34)
Warning: In design 'dti_riscv', three-state bus 'apb_pwdata[29]' has non three-state driver 'dti_apb_adapter/apb_pwdata_cld_reg[29]/Q'. (LINT-34)
Warning: In design 'dti_riscv', three-state bus 'apb_pwdata[30]' has non three-state driver 'dti_apb_adapter/apb_pwdata_cld_reg[30]/Q'. (LINT-34)
Warning: In design 'dti_riscv', three-state bus 'apb_pwdata[31]' has non three-state driver 'dti_apb_adapter/apb_pwdata_cld_reg[31]/Q'. (LINT-34)
Warning: In design 'dti_riscv', three-state bus 'apb_psel' has non three-state driver 'dti_apb_adapter/apb_psel_cld_reg/Q'. (LINT-34)
Warning: In design 'dti_riscv', three-state bus 'apb_penable' has non three-state driver 'dti_apb_adapter/apb_penable_cld_reg/Q'. (LINT-34)
Warning: In design 'dti_riscv', three-state bus 'apb_paddr[0]' has non three-state driver 'dti_apb_adapter/apb_paddr_cld_reg[0]/Q'. (LINT-34)
Warning: In design 'dti_riscv', three-state bus 'apb_paddr[1]' has non three-state driver 'dti_apb_adapter/apb_paddr_cld_reg[1]/Q'. (LINT-34)
Warning: In design 'dti_riscv', three-state bus 'apb_paddr[2]' has non three-state driver 'dti_apb_adapter/apb_paddr_cld_reg[2]/Q'. (LINT-34)
Warning: In design 'dti_riscv', three-state bus 'apb_paddr[3]' has non three-state driver 'dti_apb_adapter/apb_paddr_cld_reg[3]/Q'. (LINT-34)
Warning: In design 'dti_riscv', three-state bus 'apb_paddr[4]' has non three-state driver 'dti_apb_adapter/apb_paddr_cld_reg[4]/Q'. (LINT-34)
Warning: In design 'dti_riscv', three-state bus 'apb_paddr[5]' has non three-state driver 'dti_apb_adapter/apb_paddr_cld_reg[5]/Q'. (LINT-34)
Warning: In design 'dti_riscv', three-state bus 'apb_paddr[6]' has non three-state driver 'dti_apb_adapter/apb_paddr_cld_reg[6]/Q'. (LINT-34)
Warning: In design 'dti_riscv', three-state bus 'apb_paddr[7]' has non three-state driver 'dti_apb_adapter/apb_paddr_cld_reg[7]/Q'. (LINT-34)
Warning: In design 'dti_riscv', three-state bus 'apb_paddr[8]' has non three-state driver 'dti_apb_adapter/apb_paddr_cld_reg[8]/Q'. (LINT-34)
Warning: In design 'dti_riscv', three-state bus 'apb_paddr[9]' has non three-state driver 'dti_apb_adapter/apb_paddr_cld_reg[9]/Q'. (LINT-34)
Warning: In design 'dti_riscv', three-state bus 'apb_paddr[10]' has non three-state driver 'dti_apb_adapter/apb_paddr_cld_reg[10]/Q'. (LINT-34)
Warning: In design 'dti_riscv', three-state bus 'apb_paddr[11]' has non three-state driver 'dti_apb_adapter/apb_paddr_cld_reg[11]/Q'. (LINT-34)
Warning: In design 'dti_riscv', three-state bus 'apb_paddr[12]' has non three-state driver 'dti_apb_adapter/apb_paddr_cld_reg[12]/Q'. (LINT-34)
Warning: In design 'dti_riscv', three-state bus 'apb_paddr[13]' has non three-state driver 'dti_apb_adapter/apb_paddr_cld_reg[13]/Q'. (LINT-34)
Warning: In design 'dti_riscv', three-state bus 'apb_paddr[14]' has non three-state driver 'dti_apb_adapter/apb_paddr_cld_reg[14]/Q'. (LINT-34)
Warning: In design 'dti_riscv', three-state bus 'apb_paddr[15]' has non three-state driver 'dti_apb_adapter/apb_paddr_cld_reg[15]/Q'. (LINT-34)
Warning: In design 'dti_riscv', three-state bus 'apb_paddr[16]' has non three-state driver 'dti_apb_adapter/apb_paddr_cld_reg[16]/Q'. (LINT-34)
Warning: In design 'dti_riscv', three-state bus 'apb_paddr[17]' has non three-state driver 'dti_apb_adapter/apb_paddr_cld_reg[17]/Q'. (LINT-34)
Warning: In design 'dti_riscv', three-state bus 'apb_paddr[18]' has non three-state driver 'dti_apb_adapter/apb_paddr_cld_reg[18]/Q'. (LINT-34)
Warning: In design 'dti_riscv', three-state bus 'apb_paddr[19]' has non three-state driver 'dti_apb_adapter/apb_paddr_cld_reg[19]/Q'. (LINT-34)
Warning: In design 'dti_riscv', three-state bus 'apb_paddr[20]' has non three-state driver 'dti_apb_adapter/apb_paddr_cld_reg[20]/Q'. (LINT-34)
Warning: In design 'dti_riscv', three-state bus 'apb_paddr[21]' has non three-state driver 'dti_apb_adapter/apb_paddr_cld_reg[21]/Q'. (LINT-34)
Warning: In design 'dti_riscv', three-state bus 'apb_paddr[22]' has non three-state driver 'dti_apb_adapter/apb_paddr_cld_reg[22]/Q'. (LINT-34)
Warning: In design 'dti_riscv', three-state bus 'apb_paddr[23]' has non three-state driver 'dti_apb_adapter/apb_paddr_cld_reg[23]/Q'. (LINT-34)
Warning: In design 'dti_riscv', three-state bus 'apb_paddr[24]' has non three-state driver 'dti_apb_adapter/apb_paddr_cld_reg[24]/Q'. (LINT-34)
Warning: In design 'dti_riscv', three-state bus 'apb_paddr[25]' has non three-state driver 'dti_apb_adapter/apb_paddr_cld_reg[25]/Q'. (LINT-34)
Warning: In design 'dti_riscv', three-state bus 'apb_paddr[26]' has non three-state driver 'dti_apb_adapter/apb_paddr_cld_reg[26]/Q'. (LINT-34)
Warning: In design 'dti_riscv', three-state bus 'apb_paddr[27]' has non three-state driver 'dti_apb_adapter/apb_paddr_cld_reg[27]/Q'. (LINT-34)
Warning: In design 'dti_riscv', three-state bus 'apb_paddr[28]' has non three-state driver 'dti_apb_adapter/apb_paddr_cld_reg[28]/Q'. (LINT-34)
Warning: In design 'dti_riscv', three-state bus 'apb_paddr[29]' has non three-state driver 'dti_apb_adapter/apb_paddr_cld_reg[29]/Q'. (LINT-34)
Warning: In design 'dti_riscv', three-state bus 'apb_paddr[30]' has non three-state driver 'dti_apb_adapter/apb_paddr_cld_reg[30]/Q'. (LINT-34)
Warning: In design 'dti_riscv', three-state bus 'apb_paddr[31]' has non three-state driver 'dti_apb_adapter/apb_paddr_cld_reg[31]/Q'. (LINT-34)
Warning: In design 'dti_riscv', output port 'rts_n_boost' is connected directly to 'logic 0'. (LINT-52)
1
