#-----------------------------------------------------------
# Vivado v2018.1 (64-bit)
# SW Build 2188600 on Wed Apr  4 18:39:19 MDT 2018
# IP Build 2185939 on Wed Apr  4 20:55:05 MDT 2018
# Start of session at: Mon Apr 22 17:07:31 2024
# Process ID: 153876
# Current directory: /new_data6/workspace/hautx0/Intern_SIP_08_04_2024/sip_2024_apr/dti_uart/fpga/dti_uart_dti_uart
# Command line: vivado
# Log file: /new_data6/workspace/hautx0/Intern_SIP_08_04_2024/sip_2024_apr/dti_uart/fpga/dti_uart_dti_uart/vivado.log
# Journal file: /new_data6/workspace/hautx0/Intern_SIP_08_04_2024/sip_2024_apr/dti_uart/fpga/dti_uart_dti_uart/vivado.jou
#-----------------------------------------------------------
start_gui
create_project dti_uart /new_data6/workspace/hautx0/Intern_SIP_08_04_2024/sip_2024_apr/dti_uart/fpga/dti_uart_dti_uart/dti_uart -part xc7a100tcsg324-1
set_property board_part digilentinc.com:nexys-a7-100t:part0:1.3 [current_project]
add_files -norecurse /new_data6/workspace/hautx0/Intern_SIP_08_04_2024/sip_2024_apr/dti_uart/fpga/dti_uart_lib/dti_uart.sv
update_compile_order -fileset sources_1
ipx::package_project -root_dir /new_data6/workspace/hautx0/Intern_SIP_08_04_2024/sip_2024_apr/dti_uart/fpga/dti_uart_dti_uart -vendor user.org -library user -taxonomy /UserIP -import_files -set_current false
ipx::unload_core /new_data6/workspace/hautx0/Intern_SIP_08_04_2024/sip_2024_apr/dti_uart/fpga/dti_uart_dti_uart/component.xml
ipx::edit_ip_in_project -upgrade true -name tmp_edit_project -directory /new_data6/workspace/hautx0/Intern_SIP_08_04_2024/sip_2024_apr/dti_uart/fpga/dti_uart_dti_uart /new_data6/workspace/hautx0/Intern_SIP_08_04_2024/sip_2024_apr/dti_uart/fpga/dti_uart_dti_uart/component.xml
update_compile_order -fileset sources_1
ipx::infer_bus_interface {penable psel pwdata pwrite paddr prdata pready pslverr} xilinx.com:interface:apb_rtl:1.0 [ipx::current_core]
set_property name APB [ipx::get_bus_interfaces apb_1 -of_objects [ipx::current_core]]
ipx::add_memory_map APB [ipx::current_core]
set_property slave_memory_map_ref APB [ipx::get_bus_interfaces APB -of_objects [ipx::current_core]]
ipx::add_memory_map apb [ipx::current_core]
ipx::remove_memory_map APB [ipx::current_core]
ipx::remove_memory_map apb [ipx::current_core]
ipx::add_memory_map APB [ipx::current_core]
set_property slave_memory_map_ref APB [ipx::get_bus_interfaces APB -of_objects [ipx::current_core]]
ipx::add_address_block apb [ipx::get_memory_maps APB -of_objects [ipx::current_core]]
ipx::update_checksums [ipx::current_core]
ipx::save_core [ipx::current_core]
set_property core_revision 2 [ipx::current_core]
ipx::update_source_project_archive -component [ipx::current_core]
ipx::create_xgui_files [ipx::current_core]
ipx::update_checksums [ipx::current_core]
ipx::save_core [ipx::current_core]
ipx::move_temp_component_back -component [ipx::current_core]
close_project -delete
set_property  ip_repo_paths  /new_data6/workspace/hautx0/Intern_SIP_08_04_2024/sip_2024_apr/dti_uart/fpga/dti_uart_dti_uart [current_project]
update_ip_catalog
ipx::open_ipxact_file /new_data6/workspace/hautx0/Intern_SIP_08_04_2024/sip_2024_apr/dti_uart/fpga/dti_uart_dti_uart/component.xml
ipx::unload_core /new_data6/workspace/hautx0/Intern_SIP_08_04_2024/sip_2024_apr/dti_uart/fpga/dti_uart_dti_uart/component.xml
ipx::open_ipxact_file /new_data6/workspace/hautx0/Intern_SIP_08_04_2024/sip_2024_apr/dti_uart/fpga/dti_uart_dti_uart/component.xml
ipx::unload_core /new_data6/workspace/hautx0/Intern_SIP_08_04_2024/sip_2024_apr/dti_uart/fpga/dti_uart_dti_uart/component.xml
ipx::open_ipxact_file /new_data6/workspace/hautx0/Intern_SIP_08_04_2024/sip_2024_apr/dti_uart/fpga/dti_uart_dti_uart/component.xml
set_property core_revision 3 [ipx::current_core]
ipx::create_xgui_files [ipx::current_core]
ipx::update_checksums [ipx::current_core]
ipx::save_core [ipx::current_core]
update_ip_catalog -rebuild -repo_path /new_data6/workspace/hautx0/Intern_SIP_08_04_2024/sip_2024_apr/dti_uart/fpga/dti_uart_dti_uart
set_property core_revision 4 [ipx::current_core]
ipx::create_xgui_files [ipx::current_core]
ipx::update_checksums [ipx::current_core]
ipx::save_core [ipx::current_core]
update_ip_catalog -rebuild -repo_path /new_data6/workspace/hautx0/Intern_SIP_08_04_2024/sip_2024_apr/dti_uart/fpga/dti_uart_dti_uart
set_property core_revision 5 [ipx::current_core]
ipx::create_xgui_files [ipx::current_core]
ipx::update_checksums [ipx::current_core]
ipx::save_core [ipx::current_core]
update_ip_catalog -rebuild -repo_path /new_data6/workspace/hautx0/Intern_SIP_08_04_2024/sip_2024_apr/dti_uart/fpga/dti_uart_dti_uart
ipx::unload_core /new_data6/workspace/hautx0/Intern_SIP_08_04_2024/sip_2024_apr/dti_uart/fpga/dti_uart_dti_uart/component.xml
ipx::open_ipxact_file /new_data6/workspace/hautx0/Intern_SIP_08_04_2024/sip_2024_apr/dti_uart/fpga/dti_uart_dti_uart/component.xml
add_files -norecurse /new_data6/workspace/hautx0/Intern_SIP_08_04_2024/sip_2024_apr/dti_uart/fpga/dti_uart_lib/dti_uart.sv
set_property core_revision 6 [ipx::current_core]
ipx::create_xgui_files [ipx::current_core]
ipx::update_checksums [ipx::current_core]
ipx::save_core [ipx::current_core]
update_ip_catalog -rebuild -repo_path /new_data6/workspace/hautx0/Intern_SIP_08_04_2024/sip_2024_apr/dti_uart/fpga/dti_uart_dti_uart
ipx::remove_file sim/dti_uart.sv [ipx::get_file_groups xilinx_anylanguagebehavioralsimulation -of_objects [ipx::current_core]]
ipx::remove_file src/dti_uart.sv [ipx::get_file_groups xilinx_anylanguagesynthesis -of_objects [ipx::current_core]]
set_property core_revision 7 [ipx::current_core]
ipx::create_xgui_files [ipx::current_core]
ipx::update_checksums [ipx::current_core]
ipx::save_core [ipx::current_core]
update_ip_catalog -rebuild -repo_path /new_data6/workspace/hautx0/Intern_SIP_08_04_2024/sip_2024_apr/dti_uart/fpga/dti_uart_dti_uart
set_property core_revision 8 [ipx::current_core]
ipx::create_xgui_files [ipx::current_core]
ipx::update_checksums [ipx::current_core]
ipx::save_core [ipx::current_core]
update_ip_catalog -rebuild -repo_path /new_data6/workspace/hautx0/Intern_SIP_08_04_2024/sip_2024_apr/dti_uart/fpga/dti_uart_dti_uart
ipx::merge_project_changes ports [ipx::current_core]
set_property core_revision 9 [ipx::current_core]
ipx::create_xgui_files [ipx::current_core]
ipx::update_checksums [ipx::current_core]
ipx::save_core [ipx::current_core]
update_ip_catalog -rebuild -repo_path /new_data6/workspace/hautx0/Intern_SIP_08_04_2024/sip_2024_apr/dti_uart/fpga/dti_uart_dti_uart
ipx::merge_project_changes ports [ipx::current_core]
set_property core_revision 10 [ipx::current_core]
ipx::create_xgui_files [ipx::current_core]
ipx::update_checksums [ipx::current_core]
ipx::save_core [ipx::current_core]
update_ip_catalog -rebuild -repo_path /new_data6/workspace/hautx0/Intern_SIP_08_04_2024/sip_2024_apr/dti_uart/fpga/dti_uart_dti_uart
ipx::merge_project_changes ports [ipx::current_core]
set_property core_revision 11 [ipx::current_core]
ipx::create_xgui_files [ipx::current_core]
ipx::update_checksums [ipx::current_core]
ipx::save_core [ipx::current_core]
update_ip_catalog -rebuild -repo_path /new_data6/workspace/hautx0/Intern_SIP_08_04_2024/sip_2024_apr/dti_uart/fpga/dti_uart_dti_uart
set_property core_revision 12 [ipx::current_core]
ipx::create_xgui_files [ipx::current_core]
ipx::update_checksums [ipx::current_core]
ipx::save_core [ipx::current_core]
update_ip_catalog -rebuild -repo_path /new_data6/workspace/hautx0/Intern_SIP_08_04_2024/sip_2024_apr/dti_uart/fpga/dti_uart_dti_uart
ipx::merge_project_changes files [ipx::current_core]
set_property core_revision 13 [ipx::current_core]
ipx::create_xgui_files [ipx::current_core]
ipx::update_checksums [ipx::current_core]
ipx::save_core [ipx::current_core]
update_ip_catalog -rebuild -repo_path /new_data6/workspace/hautx0/Intern_SIP_08_04_2024/sip_2024_apr/dti_uart/fpga/dti_uart_dti_uart
ipx::merge_project_changes files [ipx::current_core]
ipx::merge_project_changes hdl_parameters [ipx::current_core]
set_property core_revision 14 [ipx::current_core]
ipx::create_xgui_files [ipx::current_core]
ipx::update_checksums [ipx::current_core]
ipx::save_core [ipx::current_core]
update_ip_catalog -rebuild -repo_path /new_data6/workspace/hautx0/Intern_SIP_08_04_2024/sip_2024_apr/dti_uart/fpga/dti_uart_dti_uart
set_property core_revision 15 [ipx::current_core]
ipx::create_xgui_files [ipx::current_core]
ipx::update_checksums [ipx::current_core]
ipx::save_core [ipx::current_core]
update_ip_catalog -rebuild -repo_path /new_data6/workspace/hautx0/Intern_SIP_08_04_2024/sip_2024_apr/dti_uart/fpga/dti_uart_dti_uart
set_property core_revision 16 [ipx::current_core]
ipx::create_xgui_files [ipx::current_core]
ipx::update_checksums [ipx::current_core]
ipx::save_core [ipx::current_core]
update_ip_catalog -rebuild -repo_path /new_data6/workspace/hautx0/Intern_SIP_08_04_2024/sip_2024_apr/dti_uart/fpga/dti_uart_dti_uart
